// Jest Snapshot v1, https://goo.gl/fbAQLP

exports[`Survey matches the snapshot 1`] = `
<div
  class="reading-lists-survey"
>
  
  <div
    class="reading-lists-survey__question"
  >
    Are you enjoying this feature?
  </div>
  <!-- eslint-disable-next-line vue/no-v-html -->
  <div
    class="reading-lists-survey__privacy-policy"
  >
    [https://foundation.wikimedia.org/wiki/Legal:Reading_List_Feature_Survey_Privacy_Statement Privacy policy]
  </div>
  <div
    class="reading-lists-survey__options"
  >
    
    <button
      class="cdx-button cdx-button--action-default cdx-button--weight-normal cdx-button--size-medium cdx-button--framed reading-lists-survey__option-button"
    >
      
      <!-- eslint-disable-next-line max-len -->
      <span
        aria-hidden="true"
        class="reading-lists-survey__option-button__cue"
      >
        👍
      </span>
       Yes
      
    </button>
    <button
      class="cdx-button cdx-button--action-default cdx-button--weight-normal cdx-button--size-medium cdx-button--framed reading-lists-survey__option-button"
    >
      
      <!-- eslint-disable-next-line max-len -->
      <span
        aria-hidden="true"
        class="reading-lists-survey__option-button__cue"
      >
        👎
      </span>
       No
      
    </button>
    
  </div>
  <!--teleport start-->
  <transition-stub
    appear="true"
    css="true"
    name="cdx-dialog-fade"
    persisted="false"
  >
    <!--v-if-->
  </transition-stub>
  <!--teleport end-->
  
</div>
`;
